C:\Users\abhis\myapp\backend\test_genai_simple.py:3: FutureWarning: 

All support for the `google.generativeai` package has ended. It will no longer be receiving 
updates or bug fixes. Please switch to the `google.genai` package as soon as possible.
See README for more details:

https://github.com/google-gemini/deprecated-generative-ai-python/blob/main/README.md

  import google.generativeai as genai
API Key present: True
Listing available models...
models/gemini-2.5-flash
models/gemini-2.5-pro
models/gemini-2.0-flash
models/gemini-2.0-flash-001
models/gemini-2.0-flash-exp-image-generation
models/gemini-2.0-flash-lite-001
models/gemini-2.0-flash-lite
models/gemini-exp-1206
models/gemini-2.5-flash-preview-tts
models/gemini-2.5-pro-preview-tts
models/gemma-3-1b-it
models/gemma-3-4b-it
models/gemma-3-12b-it
models/gemma-3-27b-it
models/gemma-3n-e4b-it
models/gemma-3n-e2b-it
models/gemini-flash-latest
models/gemini-flash-lite-latest
models/gemini-pro-latest
models/gemini-2.5-flash-lite
models/gemini-2.5-flash-image
models/gemini-2.5-flash-preview-09-2025
models/gemini-2.5-flash-lite-preview-09-2025
models/gemini-3-pro-preview
models/gemini-3-flash-preview
models/gemini-3-pro-image-preview
models/nano-banana-pro-preview
models/gemini-robotics-er-1.5-preview
models/gemini-2.5-computer-use-preview-10-2025
models/deep-research-pro-preview-12-2025

Attempting to generate with gemini-2.0-flash...
Failed with gemini-2.0-flash: 429 You exceeded your current quota, please check your plan and billing details. For more information on this error, head to: https://ai.google.dev/gemini-api/docs/rate-limits. To monitor your current usage, head to: https://ai.dev/rate-limit. 
* Quota exceeded for metric: generativelanguage.googleapis.com/generate_content_free_tier_requests, limit: 0, model: gemini-2.0-flash
* Quota exceeded for metric: generativelanguage.googleapis.com/generate_content_free_tier_requests, limit: 0, model: gemini-2.0-flash
* Quota exceeded for metric: generativelanguage.googleapis.com/generate_content_free_tier_input_token_count, limit: 0, model: gemini-2.0-flash
Please retry in 48.561086372s. [links {
  description: "Learn more about Gemini API quotas"
  url: "https://ai.google.dev/gemini-api/docs/rate-limits"
}
, violations {
  quota_metric: "generativelanguage.googleapis.com/generate_content_free_tier_requests"
  quota_id: "GenerateRequestsPerDayPerProjectPerModel-FreeTier"
  quota_dimensions {
    key: "model"
    value: "gemini-2.0-flash"
  }
  quota_dimensions {
    key: "location"
    value: "global"
  }
}
violations {
  quota_metric: "generativelanguage.googleapis.com/generate_content_free_tier_requests"
  quota_id: "GenerateRequestsPerMinutePerProjectPerModel-FreeTier"
  quota_dimensions {
    key: "model"
    value: "gemini-2.0-flash"
  }
  quota_dimensions {
    key: "location"
    value: "global"
  }
}
violations {
  quota_metric: "generativelanguage.googleapis.com/generate_content_free_tier_input_token_count"
  quota_id: "GenerateContentInputTokensPerModelPerMinute-FreeTier"
  quota_dimensions {
    key: "model"
    value: "gemini-2.0-flash"
  }
  quota_dimensions {
    key: "location"
    value: "global"
  }
}
, retry_delay {
  seconds: 48
}
]

Attempting to generate with gemini-1.5-flash...
Failed with gemini-1.5-flash: 404 models/gemini-1.5-flash is not found for API version v1beta, or is not supported for generateContent. Call ListModels to see the list of available models and their supported methods.

Attempting to generate with gemini-1.5-pro...
Failed with gemini-1.5-pro: 404 models/gemini-1.5-pro is not found for API version v1beta, or is not supported for generateContent. Call ListModels to see the list of available models and their supported methods.
All models failed.
